Could not find platform independent libraries <prefix>
Python path configuration:
  PYTHONHOME = (not set)
  PYTHONPATH = (not set)
  program name = 'python3'
  isolated = 0
  environment = 1
  user site = 1
  safe_path = 0
  import site = 1
  is in build tree = 0
  stdlib dir = '/scratch/user/uqcngu19/micromamba_root/envs/pygenomeviz_env/lib/python3.11'
  sys._base_executable = '/scratch/user/uqcngu19/micromamba_root/envs/pygenomeviz_env/bin/python3'
  sys.base_prefix = '/scratch/user/uqcngu19/micromamba_root/envs/pygenomeviz_env'
  sys.base_exec_prefix = '/scratch/user/uqcngu19/micromamba_root/envs/pygenomeviz_env'
  sys.platlibdir = 'lib'
  sys.executable = '/scratch/user/uqcngu19/micromamba_root/envs/pygenomeviz_env/bin/python3'
  sys.prefix = '/scratch/user/uqcngu19/micromamba_root/envs/pygenomeviz_env'
  sys.exec_prefix = '/scratch/user/uqcngu19/micromamba_root/envs/pygenomeviz_env'
  sys.path = [
    '/scratch/user/uqcngu19/micromamba_root/envs/pygenomeviz_env/lib/python311.zip',
    '/scratch/user/uqcngu19/micromamba_root/envs/pygenomeviz_env/lib/python3.11',
    '/scratch/user/uqcngu19/micromamba_root/envs/pygenomeviz_env/lib/python3.11/lib-dynload',
  ]
Fatal Python error: init_fs_encoding: failed to get the Python codec of the filesystem encoding
Python runtime state: core initialized
LookupError: no codec search functions registered: can't find encoding

Current thread 0x00007fc00dfce300 (most recent call first):
  <no Python frame>
